--------------------------------------------------------------------------------------
Timing Analyzer Summary
--------------------------------------------------------------------------------------

Type           : Worst-case tsu
Slack          : N/A
Required Time  : None
Actual Time    : 6.795 ns
From           : enable
To             : g01_Earth_Mars_Timer:timer|g01_Basic_Timer:earth|lpm_counter:counter|cntr_8fl:auto_generated|safe_q[28]
From Clock     : --
To Clock       : clock
Failed Paths   : 0

Type           : Worst-case tco
Slack          : N/A
Required Time  : None
Actual Time    : 27.045 ns
From           : g01_YMD_Counter:ymd|int_years[10]
To             : led1[3]
From Clock     : clock
To Clock       : --
Failed Paths   : 0

Type           : Worst-case tpd
Slack          : N/A
Required Time  : None
Actual Time    : 25.174 ns
From           : s1
To             : led1[3]
From Clock     : --
To Clock       : --
Failed Paths   : 0

Type           : Worst-case th
Slack          : N/A
Required Time  : None
Actual Time    : 0.103 ns
From           : input[3]
To             : year_set[9]
From Clock     : --
To Clock       : clock
Failed Paths   : 0

Type           : Clock Setup: 'clock'
Slack          : N/A
Required Time  : None
Actual Time    : 46.36 MHz ( period = 21.571 ns )
From           : g01_YMD_Counter:ymd|int_years[7]
To             : g01_YMD_Counter:ymd|year_count_en
From Clock     : clock
To Clock       : clock
Failed Paths   : 0

Type           : Total number of failed paths
Slack          : 
Required Time  : 
Actual Time    : 
From           : 
To             : 
From Clock     : 
To Clock       : 
Failed Paths   : 0

--------------------------------------------------------------------------------------

