Classic Timing Analyzer report for Lab2
Thu Feb 13 13:49:36 2014
Quartus II 64-Bit Version 9.1 Build 350 03/24/2010 Service Pack 2 SJ Full Version


---------------------
; Table of Contents ;
---------------------
  1. Legal Notice
  2. Timing Analyzer Summary
  3. Timing Analyzer Settings
  4. Clock Settings Summary
  5. Parallel Compilation
  6. tsu
  7. tco
  8. th
  9. Timing Analyzer Messages



----------------
; Legal Notice ;
----------------
Copyright (C) 1991-2010 Altera Corporation
Your use of Altera Corporation's design tools, logic functions 
and other software and tools, and its AMPP partner logic 
functions, and any output files from any of the foregoing 
(including device programming or simulation files), and any 
associated documentation or information are expressly subject 
to the terms and conditions of the Altera Program License 
Subscription Agreement, Altera MegaCore Function License 
Agreement, or other applicable license agreement, including, 
without limitation, that your use is for the sole purpose of 
programming logic devices manufactured by Altera and sold by 
Altera or its authorized distributors.  Please refer to the 
applicable agreement for further details.



+-----------------------------------------------------------------------------------------------------------------------------------------------------------------------------------------------------------------------------------------------------------------------------------------------------------------------------------------------------------------------------------------------+
; Timing Analyzer Summary                                                                                                                                                                                                                                                                                                                                                                       ;
+------------------------------+-------+---------------+-------------+-----------------------------------------------------------------------------------------------------------------------------------------+-----------------------------------------------------------------------------------------------------------------------------------------+------------+----------+--------------+
; Type                         ; Slack ; Required Time ; Actual Time ; From                                                                                                                                    ; To                                                                                                                                      ; From Clock ; To Clock ; Failed Paths ;
+------------------------------+-------+---------------+-------------+-----------------------------------------------------------------------------------------------------------------------------------------+-----------------------------------------------------------------------------------------------------------------------------------------+------------+----------+--------------+
; Worst-case tsu               ; N/A   ; None          ; 0.690 ns    ; bin[4]                                                                                                                                  ; g01_binary_to_BCD:BCD|lpm_rom:bcd_table|altrom:srom|altsyncram:rom_block|altsyncram_v111:auto_generated|ram_block1a0~porta_address_reg4 ; --         ; clk      ; 0            ;
; Worst-case tco               ; N/A   ; None          ; 13.375 ns   ; g01_binary_to_BCD:BCD|lpm_rom:bcd_table|altrom:srom|altsyncram:rom_block|altsyncram_v111:auto_generated|ram_block1a0~porta_address_reg5 ; segments1[6]                                                                                                                            ; clk        ; --       ; 0            ;
; Worst-case th                ; N/A   ; None          ; 0.186 ns    ; bin[2]                                                                                                                                  ; g01_binary_to_BCD:BCD|lpm_rom:bcd_table|altrom:srom|altsyncram:rom_block|altsyncram_v111:auto_generated|ram_block1a0~porta_address_reg2 ; --         ; clk      ; 0            ;
; Total number of failed paths ;       ;               ;             ;                                                                                                                                         ;                                                                                                                                         ;            ;          ; 0            ;
+------------------------------+-------+---------------+-------------+-----------------------------------------------------------------------------------------------------------------------------------------+-----------------------------------------------------------------------------------------------------------------------------------------+------------+----------+--------------+


+-----------------------------------------------------------------------------------------------------------------------------------------------------+
; Timing Analyzer Settings                                                                                                                            ;
+------------------------------------------------------------------------------------------------------+--------------------+------+----+-------------+
; Option                                                                                               ; Setting            ; From ; To ; Entity Name ;
+------------------------------------------------------------------------------------------------------+--------------------+------+----+-------------+
; Device Name                                                                                          ; EP2C20F484C7       ;      ;    ;             ;
; Timing Models                                                                                        ; Final              ;      ;    ;             ;
; Default hold multicycle                                                                              ; Same as Multicycle ;      ;    ;             ;
; Cut paths between unrelated clock domains                                                            ; On                 ;      ;    ;             ;
; Cut off read during write signal paths                                                               ; On                 ;      ;    ;             ;
; Cut off feedback from I/O pins                                                                       ; On                 ;      ;    ;             ;
; Report Combined Fast/Slow Timing                                                                     ; Off                ;      ;    ;             ;
; Ignore Clock Settings                                                                                ; Off                ;      ;    ;             ;
; Analyze latches as synchronous elements                                                              ; On                 ;      ;    ;             ;
; Enable Recovery/Removal analysis                                                                     ; Off                ;      ;    ;             ;
; Enable Clock Latency                                                                                 ; Off                ;      ;    ;             ;
; Use TimeQuest Timing Analyzer                                                                        ; Off                ;      ;    ;             ;
; Minimum Core Junction Temperature                                                                    ; 0                  ;      ;    ;             ;
; Maximum Core Junction Temperature                                                                    ; 85                 ;      ;    ;             ;
; Number of source nodes to report per destination node                                                ; 10                 ;      ;    ;             ;
; Number of destination nodes to report                                                                ; 10                 ;      ;    ;             ;
; Number of paths to report                                                                            ; 200                ;      ;    ;             ;
; Report Minimum Timing Checks                                                                         ; Off                ;      ;    ;             ;
; Use Fast Timing Models                                                                               ; Off                ;      ;    ;             ;
; Report IO Paths Separately                                                                           ; Off                ;      ;    ;             ;
; Perform Multicorner Analysis                                                                         ; On                 ;      ;    ;             ;
; Reports the worst-case path for each clock domain and analysis                                       ; Off                ;      ;    ;             ;
; Reports worst-case timing paths for each clock domain and analysis                                   ; On                 ;      ;    ;             ;
; Specifies the maximum number of worst-case timing paths to report for each clock domain and analysis ; 100                ;      ;    ;             ;
; Removes common clock path pessimism (CCPP) during slack computation                                  ; Off                ;      ;    ;             ;
; Output I/O Timing Endpoint                                                                           ; Near End           ;      ;    ;             ;
+------------------------------------------------------------------------------------------------------+--------------------+------+----+-------------+


+------------------------------------------------------------------------------------------------------------------------------------------------------------------------------------+
; Clock Settings Summary                                                                                                                                                             ;
+-----------------+--------------------+----------+------------------+---------------+--------------+----------+-----------------------+---------------------+--------+--------------+
; Clock Node Name ; Clock Setting Name ; Type     ; Fmax Requirement ; Early Latency ; Late Latency ; Based on ; Multiply Base Fmax by ; Divide Base Fmax by ; Offset ; Phase offset ;
+-----------------+--------------------+----------+------------------+---------------+--------------+----------+-----------------------+---------------------+--------+--------------+
; clk             ;                    ; User Pin ; None             ; 0.000 ns      ; 0.000 ns     ; --       ; N/A                   ; N/A                 ; N/A    ;              ;
+-----------------+--------------------+----------+------------------+---------------+--------------+----------+-----------------------+---------------------+--------+--------------+


+------------------------------------------+
; Parallel Compilation                     ;
+----------------------------+-------------+
; Processors                 ; Number      ;
+----------------------------+-------------+
; Number detected on machine ; 4           ;
; Maximum allowed            ; 4           ;
;                            ;             ;
; Average used               ; 1.00        ;
; Maximum used               ; 1           ;
;                            ;             ;
; Usage by Processor         ; % Time Used ;
;     1 processor            ; 100.0%      ;
;     2-4 processors         ;   0.0%      ;
+----------------------------+-------------+


+-------------------------------------------------------------------------------------------------------------------------------------------------------------------------------------------------+
; tsu                                                                                                                                                                                             ;
+-------+--------------+------------+--------+-----------------------------------------------------------------------------------------------------------------------------------------+----------+
; Slack ; Required tsu ; Actual tsu ; From   ; To                                                                                                                                      ; To Clock ;
+-------+--------------+------------+--------+-----------------------------------------------------------------------------------------------------------------------------------------+----------+
; N/A   ; None         ; 0.690 ns   ; bin[4] ; g01_binary_to_BCD:BCD|lpm_rom:bcd_table|altrom:srom|altsyncram:rom_block|altsyncram_v111:auto_generated|ram_block1a0~porta_address_reg4 ; clk      ;
; N/A   ; None         ; 0.202 ns   ; bin[3] ; g01_binary_to_BCD:BCD|lpm_rom:bcd_table|altrom:srom|altsyncram:rom_block|altsyncram_v111:auto_generated|ram_block1a0~porta_address_reg3 ; clk      ;
; N/A   ; None         ; 0.190 ns   ; bin[5] ; g01_binary_to_BCD:BCD|lpm_rom:bcd_table|altrom:srom|altsyncram:rom_block|altsyncram_v111:auto_generated|ram_block1a0~porta_address_reg5 ; clk      ;
; N/A   ; None         ; 0.163 ns   ; bin[0] ; g01_binary_to_BCD:BCD|lpm_rom:bcd_table|altrom:srom|altsyncram:rom_block|altsyncram_v111:auto_generated|ram_block1a0~porta_address_reg0 ; clk      ;
; N/A   ; None         ; 0.135 ns   ; bin[1] ; g01_binary_to_BCD:BCD|lpm_rom:bcd_table|altrom:srom|altsyncram:rom_block|altsyncram_v111:auto_generated|ram_block1a0~porta_address_reg1 ; clk      ;
; N/A   ; None         ; 0.104 ns   ; bin[2] ; g01_binary_to_BCD:BCD|lpm_rom:bcd_table|altrom:srom|altsyncram:rom_block|altsyncram_v111:auto_generated|ram_block1a0~porta_address_reg2 ; clk      ;
+-------+--------------+------------+--------+-----------------------------------------------------------------------------------------------------------------------------------------+----------+


+---------------------------------------------------------------------------------------------------------------------------------------------------------------------------------------------------------+
; tco                                                                                                                                                                                                     ;
+-------+--------------+------------+-----------------------------------------------------------------------------------------------------------------------------------------+--------------+------------+
; Slack ; Required tco ; Actual tco ; From                                                                                                                                    ; To           ; From Clock ;
+-------+--------------+------------+-----------------------------------------------------------------------------------------------------------------------------------------+--------------+------------+
; N/A   ; None         ; 13.375 ns  ; g01_binary_to_BCD:BCD|lpm_rom:bcd_table|altrom:srom|altsyncram:rom_block|altsyncram_v111:auto_generated|ram_block1a0~porta_address_reg0 ; segments1[6] ; clk        ;
; N/A   ; None         ; 13.375 ns  ; g01_binary_to_BCD:BCD|lpm_rom:bcd_table|altrom:srom|altsyncram:rom_block|altsyncram_v111:auto_generated|ram_block1a0~porta_address_reg1 ; segments1[6] ; clk        ;
; N/A   ; None         ; 13.375 ns  ; g01_binary_to_BCD:BCD|lpm_rom:bcd_table|altrom:srom|altsyncram:rom_block|altsyncram_v111:auto_generated|ram_block1a0~porta_address_reg2 ; segments1[6] ; clk        ;
; N/A   ; None         ; 13.375 ns  ; g01_binary_to_BCD:BCD|lpm_rom:bcd_table|altrom:srom|altsyncram:rom_block|altsyncram_v111:auto_generated|ram_block1a0~porta_address_reg3 ; segments1[6] ; clk        ;
; N/A   ; None         ; 13.375 ns  ; g01_binary_to_BCD:BCD|lpm_rom:bcd_table|altrom:srom|altsyncram:rom_block|altsyncram_v111:auto_generated|ram_block1a0~porta_address_reg4 ; segments1[6] ; clk        ;
; N/A   ; None         ; 13.375 ns  ; g01_binary_to_BCD:BCD|lpm_rom:bcd_table|altrom:srom|altsyncram:rom_block|altsyncram_v111:auto_generated|ram_block1a0~porta_address_reg5 ; segments1[6] ; clk        ;
; N/A   ; None         ; 13.374 ns  ; g01_binary_to_BCD:BCD|lpm_rom:bcd_table|altrom:srom|altsyncram:rom_block|altsyncram_v111:auto_generated|ram_block1a0~porta_address_reg0 ; segments1[5] ; clk        ;
; N/A   ; None         ; 13.374 ns  ; g01_binary_to_BCD:BCD|lpm_rom:bcd_table|altrom:srom|altsyncram:rom_block|altsyncram_v111:auto_generated|ram_block1a0~porta_address_reg1 ; segments1[5] ; clk        ;
; N/A   ; None         ; 13.374 ns  ; g01_binary_to_BCD:BCD|lpm_rom:bcd_table|altrom:srom|altsyncram:rom_block|altsyncram_v111:auto_generated|ram_block1a0~porta_address_reg2 ; segments1[5] ; clk        ;
; N/A   ; None         ; 13.374 ns  ; g01_binary_to_BCD:BCD|lpm_rom:bcd_table|altrom:srom|altsyncram:rom_block|altsyncram_v111:auto_generated|ram_block1a0~porta_address_reg3 ; segments1[5] ; clk        ;
; N/A   ; None         ; 13.374 ns  ; g01_binary_to_BCD:BCD|lpm_rom:bcd_table|altrom:srom|altsyncram:rom_block|altsyncram_v111:auto_generated|ram_block1a0~porta_address_reg4 ; segments1[5] ; clk        ;
; N/A   ; None         ; 13.374 ns  ; g01_binary_to_BCD:BCD|lpm_rom:bcd_table|altrom:srom|altsyncram:rom_block|altsyncram_v111:auto_generated|ram_block1a0~porta_address_reg5 ; segments1[5] ; clk        ;
; N/A   ; None         ; 13.335 ns  ; g01_binary_to_BCD:BCD|lpm_rom:bcd_table|altrom:srom|altsyncram:rom_block|altsyncram_v111:auto_generated|ram_block1a0~porta_address_reg0 ; segments1[4] ; clk        ;
; N/A   ; None         ; 13.335 ns  ; g01_binary_to_BCD:BCD|lpm_rom:bcd_table|altrom:srom|altsyncram:rom_block|altsyncram_v111:auto_generated|ram_block1a0~porta_address_reg1 ; segments1[4] ; clk        ;
; N/A   ; None         ; 13.335 ns  ; g01_binary_to_BCD:BCD|lpm_rom:bcd_table|altrom:srom|altsyncram:rom_block|altsyncram_v111:auto_generated|ram_block1a0~porta_address_reg2 ; segments1[4] ; clk        ;
; N/A   ; None         ; 13.335 ns  ; g01_binary_to_BCD:BCD|lpm_rom:bcd_table|altrom:srom|altsyncram:rom_block|altsyncram_v111:auto_generated|ram_block1a0~porta_address_reg3 ; segments1[4] ; clk        ;
; N/A   ; None         ; 13.335 ns  ; g01_binary_to_BCD:BCD|lpm_rom:bcd_table|altrom:srom|altsyncram:rom_block|altsyncram_v111:auto_generated|ram_block1a0~porta_address_reg4 ; segments1[4] ; clk        ;
; N/A   ; None         ; 13.335 ns  ; g01_binary_to_BCD:BCD|lpm_rom:bcd_table|altrom:srom|altsyncram:rom_block|altsyncram_v111:auto_generated|ram_block1a0~porta_address_reg5 ; segments1[4] ; clk        ;
; N/A   ; None         ; 13.320 ns  ; g01_binary_to_BCD:BCD|lpm_rom:bcd_table|altrom:srom|altsyncram:rom_block|altsyncram_v111:auto_generated|ram_block1a0~porta_address_reg0 ; segments1[3] ; clk        ;
; N/A   ; None         ; 13.320 ns  ; g01_binary_to_BCD:BCD|lpm_rom:bcd_table|altrom:srom|altsyncram:rom_block|altsyncram_v111:auto_generated|ram_block1a0~porta_address_reg1 ; segments1[3] ; clk        ;
; N/A   ; None         ; 13.320 ns  ; g01_binary_to_BCD:BCD|lpm_rom:bcd_table|altrom:srom|altsyncram:rom_block|altsyncram_v111:auto_generated|ram_block1a0~porta_address_reg2 ; segments1[3] ; clk        ;
; N/A   ; None         ; 13.320 ns  ; g01_binary_to_BCD:BCD|lpm_rom:bcd_table|altrom:srom|altsyncram:rom_block|altsyncram_v111:auto_generated|ram_block1a0~porta_address_reg3 ; segments1[3] ; clk        ;
; N/A   ; None         ; 13.320 ns  ; g01_binary_to_BCD:BCD|lpm_rom:bcd_table|altrom:srom|altsyncram:rom_block|altsyncram_v111:auto_generated|ram_block1a0~porta_address_reg4 ; segments1[3] ; clk        ;
; N/A   ; None         ; 13.320 ns  ; g01_binary_to_BCD:BCD|lpm_rom:bcd_table|altrom:srom|altsyncram:rom_block|altsyncram_v111:auto_generated|ram_block1a0~porta_address_reg5 ; segments1[3] ; clk        ;
; N/A   ; None         ; 13.313 ns  ; g01_binary_to_BCD:BCD|lpm_rom:bcd_table|altrom:srom|altsyncram:rom_block|altsyncram_v111:auto_generated|ram_block1a0~porta_address_reg0 ; segments1[1] ; clk        ;
; N/A   ; None         ; 13.313 ns  ; g01_binary_to_BCD:BCD|lpm_rom:bcd_table|altrom:srom|altsyncram:rom_block|altsyncram_v111:auto_generated|ram_block1a0~porta_address_reg1 ; segments1[1] ; clk        ;
; N/A   ; None         ; 13.313 ns  ; g01_binary_to_BCD:BCD|lpm_rom:bcd_table|altrom:srom|altsyncram:rom_block|altsyncram_v111:auto_generated|ram_block1a0~porta_address_reg2 ; segments1[1] ; clk        ;
; N/A   ; None         ; 13.313 ns  ; g01_binary_to_BCD:BCD|lpm_rom:bcd_table|altrom:srom|altsyncram:rom_block|altsyncram_v111:auto_generated|ram_block1a0~porta_address_reg3 ; segments1[1] ; clk        ;
; N/A   ; None         ; 13.313 ns  ; g01_binary_to_BCD:BCD|lpm_rom:bcd_table|altrom:srom|altsyncram:rom_block|altsyncram_v111:auto_generated|ram_block1a0~porta_address_reg4 ; segments1[1] ; clk        ;
; N/A   ; None         ; 13.313 ns  ; g01_binary_to_BCD:BCD|lpm_rom:bcd_table|altrom:srom|altsyncram:rom_block|altsyncram_v111:auto_generated|ram_block1a0~porta_address_reg5 ; segments1[1] ; clk        ;
; N/A   ; None         ; 13.304 ns  ; g01_binary_to_BCD:BCD|lpm_rom:bcd_table|altrom:srom|altsyncram:rom_block|altsyncram_v111:auto_generated|ram_block1a0~porta_address_reg0 ; segments1[2] ; clk        ;
; N/A   ; None         ; 13.304 ns  ; g01_binary_to_BCD:BCD|lpm_rom:bcd_table|altrom:srom|altsyncram:rom_block|altsyncram_v111:auto_generated|ram_block1a0~porta_address_reg1 ; segments1[2] ; clk        ;
; N/A   ; None         ; 13.304 ns  ; g01_binary_to_BCD:BCD|lpm_rom:bcd_table|altrom:srom|altsyncram:rom_block|altsyncram_v111:auto_generated|ram_block1a0~porta_address_reg2 ; segments1[2] ; clk        ;
; N/A   ; None         ; 13.304 ns  ; g01_binary_to_BCD:BCD|lpm_rom:bcd_table|altrom:srom|altsyncram:rom_block|altsyncram_v111:auto_generated|ram_block1a0~porta_address_reg3 ; segments1[2] ; clk        ;
; N/A   ; None         ; 13.304 ns  ; g01_binary_to_BCD:BCD|lpm_rom:bcd_table|altrom:srom|altsyncram:rom_block|altsyncram_v111:auto_generated|ram_block1a0~porta_address_reg4 ; segments1[2] ; clk        ;
; N/A   ; None         ; 13.304 ns  ; g01_binary_to_BCD:BCD|lpm_rom:bcd_table|altrom:srom|altsyncram:rom_block|altsyncram_v111:auto_generated|ram_block1a0~porta_address_reg5 ; segments1[2] ; clk        ;
; N/A   ; None         ; 13.015 ns  ; g01_binary_to_BCD:BCD|lpm_rom:bcd_table|altrom:srom|altsyncram:rom_block|altsyncram_v111:auto_generated|ram_block1a0~porta_address_reg0 ; segments1[0] ; clk        ;
; N/A   ; None         ; 13.015 ns  ; g01_binary_to_BCD:BCD|lpm_rom:bcd_table|altrom:srom|altsyncram:rom_block|altsyncram_v111:auto_generated|ram_block1a0~porta_address_reg1 ; segments1[0] ; clk        ;
; N/A   ; None         ; 13.015 ns  ; g01_binary_to_BCD:BCD|lpm_rom:bcd_table|altrom:srom|altsyncram:rom_block|altsyncram_v111:auto_generated|ram_block1a0~porta_address_reg2 ; segments1[0] ; clk        ;
; N/A   ; None         ; 13.015 ns  ; g01_binary_to_BCD:BCD|lpm_rom:bcd_table|altrom:srom|altsyncram:rom_block|altsyncram_v111:auto_generated|ram_block1a0~porta_address_reg3 ; segments1[0] ; clk        ;
; N/A   ; None         ; 13.015 ns  ; g01_binary_to_BCD:BCD|lpm_rom:bcd_table|altrom:srom|altsyncram:rom_block|altsyncram_v111:auto_generated|ram_block1a0~porta_address_reg4 ; segments1[0] ; clk        ;
; N/A   ; None         ; 13.015 ns  ; g01_binary_to_BCD:BCD|lpm_rom:bcd_table|altrom:srom|altsyncram:rom_block|altsyncram_v111:auto_generated|ram_block1a0~porta_address_reg5 ; segments1[0] ; clk        ;
; N/A   ; None         ; 12.852 ns  ; g01_binary_to_BCD:BCD|lpm_rom:bcd_table|altrom:srom|altsyncram:rom_block|altsyncram_v111:auto_generated|ram_block1a0~porta_address_reg0 ; segments0[6] ; clk        ;
; N/A   ; None         ; 12.852 ns  ; g01_binary_to_BCD:BCD|lpm_rom:bcd_table|altrom:srom|altsyncram:rom_block|altsyncram_v111:auto_generated|ram_block1a0~porta_address_reg1 ; segments0[6] ; clk        ;
; N/A   ; None         ; 12.852 ns  ; g01_binary_to_BCD:BCD|lpm_rom:bcd_table|altrom:srom|altsyncram:rom_block|altsyncram_v111:auto_generated|ram_block1a0~porta_address_reg2 ; segments0[6] ; clk        ;
; N/A   ; None         ; 12.852 ns  ; g01_binary_to_BCD:BCD|lpm_rom:bcd_table|altrom:srom|altsyncram:rom_block|altsyncram_v111:auto_generated|ram_block1a0~porta_address_reg3 ; segments0[6] ; clk        ;
; N/A   ; None         ; 12.852 ns  ; g01_binary_to_BCD:BCD|lpm_rom:bcd_table|altrom:srom|altsyncram:rom_block|altsyncram_v111:auto_generated|ram_block1a0~porta_address_reg4 ; segments0[6] ; clk        ;
; N/A   ; None         ; 12.852 ns  ; g01_binary_to_BCD:BCD|lpm_rom:bcd_table|altrom:srom|altsyncram:rom_block|altsyncram_v111:auto_generated|ram_block1a0~porta_address_reg5 ; segments0[6] ; clk        ;
; N/A   ; None         ; 12.849 ns  ; g01_binary_to_BCD:BCD|lpm_rom:bcd_table|altrom:srom|altsyncram:rom_block|altsyncram_v111:auto_generated|ram_block1a0~porta_address_reg0 ; segments0[5] ; clk        ;
; N/A   ; None         ; 12.849 ns  ; g01_binary_to_BCD:BCD|lpm_rom:bcd_table|altrom:srom|altsyncram:rom_block|altsyncram_v111:auto_generated|ram_block1a0~porta_address_reg1 ; segments0[5] ; clk        ;
; N/A   ; None         ; 12.849 ns  ; g01_binary_to_BCD:BCD|lpm_rom:bcd_table|altrom:srom|altsyncram:rom_block|altsyncram_v111:auto_generated|ram_block1a0~porta_address_reg2 ; segments0[5] ; clk        ;
; N/A   ; None         ; 12.849 ns  ; g01_binary_to_BCD:BCD|lpm_rom:bcd_table|altrom:srom|altsyncram:rom_block|altsyncram_v111:auto_generated|ram_block1a0~porta_address_reg3 ; segments0[5] ; clk        ;
; N/A   ; None         ; 12.849 ns  ; g01_binary_to_BCD:BCD|lpm_rom:bcd_table|altrom:srom|altsyncram:rom_block|altsyncram_v111:auto_generated|ram_block1a0~porta_address_reg4 ; segments0[5] ; clk        ;
; N/A   ; None         ; 12.849 ns  ; g01_binary_to_BCD:BCD|lpm_rom:bcd_table|altrom:srom|altsyncram:rom_block|altsyncram_v111:auto_generated|ram_block1a0~porta_address_reg5 ; segments0[5] ; clk        ;
; N/A   ; None         ; 12.815 ns  ; g01_binary_to_BCD:BCD|lpm_rom:bcd_table|altrom:srom|altsyncram:rom_block|altsyncram_v111:auto_generated|ram_block1a0~porta_address_reg0 ; segments0[1] ; clk        ;
; N/A   ; None         ; 12.815 ns  ; g01_binary_to_BCD:BCD|lpm_rom:bcd_table|altrom:srom|altsyncram:rom_block|altsyncram_v111:auto_generated|ram_block1a0~porta_address_reg1 ; segments0[1] ; clk        ;
; N/A   ; None         ; 12.815 ns  ; g01_binary_to_BCD:BCD|lpm_rom:bcd_table|altrom:srom|altsyncram:rom_block|altsyncram_v111:auto_generated|ram_block1a0~porta_address_reg2 ; segments0[1] ; clk        ;
; N/A   ; None         ; 12.815 ns  ; g01_binary_to_BCD:BCD|lpm_rom:bcd_table|altrom:srom|altsyncram:rom_block|altsyncram_v111:auto_generated|ram_block1a0~porta_address_reg3 ; segments0[1] ; clk        ;
; N/A   ; None         ; 12.815 ns  ; g01_binary_to_BCD:BCD|lpm_rom:bcd_table|altrom:srom|altsyncram:rom_block|altsyncram_v111:auto_generated|ram_block1a0~porta_address_reg4 ; segments0[1] ; clk        ;
; N/A   ; None         ; 12.815 ns  ; g01_binary_to_BCD:BCD|lpm_rom:bcd_table|altrom:srom|altsyncram:rom_block|altsyncram_v111:auto_generated|ram_block1a0~porta_address_reg5 ; segments0[1] ; clk        ;
; N/A   ; None         ; 12.736 ns  ; g01_binary_to_BCD:BCD|lpm_rom:bcd_table|altrom:srom|altsyncram:rom_block|altsyncram_v111:auto_generated|ram_block1a0~porta_address_reg0 ; segments0[4] ; clk        ;
; N/A   ; None         ; 12.736 ns  ; g01_binary_to_BCD:BCD|lpm_rom:bcd_table|altrom:srom|altsyncram:rom_block|altsyncram_v111:auto_generated|ram_block1a0~porta_address_reg1 ; segments0[4] ; clk        ;
; N/A   ; None         ; 12.736 ns  ; g01_binary_to_BCD:BCD|lpm_rom:bcd_table|altrom:srom|altsyncram:rom_block|altsyncram_v111:auto_generated|ram_block1a0~porta_address_reg2 ; segments0[4] ; clk        ;
; N/A   ; None         ; 12.736 ns  ; g01_binary_to_BCD:BCD|lpm_rom:bcd_table|altrom:srom|altsyncram:rom_block|altsyncram_v111:auto_generated|ram_block1a0~porta_address_reg3 ; segments0[4] ; clk        ;
; N/A   ; None         ; 12.736 ns  ; g01_binary_to_BCD:BCD|lpm_rom:bcd_table|altrom:srom|altsyncram:rom_block|altsyncram_v111:auto_generated|ram_block1a0~porta_address_reg4 ; segments0[4] ; clk        ;
; N/A   ; None         ; 12.736 ns  ; g01_binary_to_BCD:BCD|lpm_rom:bcd_table|altrom:srom|altsyncram:rom_block|altsyncram_v111:auto_generated|ram_block1a0~porta_address_reg5 ; segments0[4] ; clk        ;
; N/A   ; None         ; 12.693 ns  ; g01_binary_to_BCD:BCD|lpm_rom:bcd_table|altrom:srom|altsyncram:rom_block|altsyncram_v111:auto_generated|ram_block1a0~porta_address_reg0 ; segments0[0] ; clk        ;
; N/A   ; None         ; 12.693 ns  ; g01_binary_to_BCD:BCD|lpm_rom:bcd_table|altrom:srom|altsyncram:rom_block|altsyncram_v111:auto_generated|ram_block1a0~porta_address_reg1 ; segments0[0] ; clk        ;
; N/A   ; None         ; 12.693 ns  ; g01_binary_to_BCD:BCD|lpm_rom:bcd_table|altrom:srom|altsyncram:rom_block|altsyncram_v111:auto_generated|ram_block1a0~porta_address_reg2 ; segments0[0] ; clk        ;
; N/A   ; None         ; 12.693 ns  ; g01_binary_to_BCD:BCD|lpm_rom:bcd_table|altrom:srom|altsyncram:rom_block|altsyncram_v111:auto_generated|ram_block1a0~porta_address_reg3 ; segments0[0] ; clk        ;
; N/A   ; None         ; 12.693 ns  ; g01_binary_to_BCD:BCD|lpm_rom:bcd_table|altrom:srom|altsyncram:rom_block|altsyncram_v111:auto_generated|ram_block1a0~porta_address_reg4 ; segments0[0] ; clk        ;
; N/A   ; None         ; 12.693 ns  ; g01_binary_to_BCD:BCD|lpm_rom:bcd_table|altrom:srom|altsyncram:rom_block|altsyncram_v111:auto_generated|ram_block1a0~porta_address_reg5 ; segments0[0] ; clk        ;
; N/A   ; None         ; 12.503 ns  ; g01_binary_to_BCD:BCD|lpm_rom:bcd_table|altrom:srom|altsyncram:rom_block|altsyncram_v111:auto_generated|ram_block1a0~porta_address_reg0 ; segments0[2] ; clk        ;
; N/A   ; None         ; 12.503 ns  ; g01_binary_to_BCD:BCD|lpm_rom:bcd_table|altrom:srom|altsyncram:rom_block|altsyncram_v111:auto_generated|ram_block1a0~porta_address_reg1 ; segments0[2] ; clk        ;
; N/A   ; None         ; 12.503 ns  ; g01_binary_to_BCD:BCD|lpm_rom:bcd_table|altrom:srom|altsyncram:rom_block|altsyncram_v111:auto_generated|ram_block1a0~porta_address_reg2 ; segments0[2] ; clk        ;
; N/A   ; None         ; 12.503 ns  ; g01_binary_to_BCD:BCD|lpm_rom:bcd_table|altrom:srom|altsyncram:rom_block|altsyncram_v111:auto_generated|ram_block1a0~porta_address_reg3 ; segments0[2] ; clk        ;
; N/A   ; None         ; 12.503 ns  ; g01_binary_to_BCD:BCD|lpm_rom:bcd_table|altrom:srom|altsyncram:rom_block|altsyncram_v111:auto_generated|ram_block1a0~porta_address_reg4 ; segments0[2] ; clk        ;
; N/A   ; None         ; 12.503 ns  ; g01_binary_to_BCD:BCD|lpm_rom:bcd_table|altrom:srom|altsyncram:rom_block|altsyncram_v111:auto_generated|ram_block1a0~porta_address_reg5 ; segments0[2] ; clk        ;
; N/A   ; None         ; 12.501 ns  ; g01_binary_to_BCD:BCD|lpm_rom:bcd_table|altrom:srom|altsyncram:rom_block|altsyncram_v111:auto_generated|ram_block1a0~porta_address_reg0 ; segments0[3] ; clk        ;
; N/A   ; None         ; 12.501 ns  ; g01_binary_to_BCD:BCD|lpm_rom:bcd_table|altrom:srom|altsyncram:rom_block|altsyncram_v111:auto_generated|ram_block1a0~porta_address_reg1 ; segments0[3] ; clk        ;
; N/A   ; None         ; 12.501 ns  ; g01_binary_to_BCD:BCD|lpm_rom:bcd_table|altrom:srom|altsyncram:rom_block|altsyncram_v111:auto_generated|ram_block1a0~porta_address_reg2 ; segments0[3] ; clk        ;
; N/A   ; None         ; 12.501 ns  ; g01_binary_to_BCD:BCD|lpm_rom:bcd_table|altrom:srom|altsyncram:rom_block|altsyncram_v111:auto_generated|ram_block1a0~porta_address_reg3 ; segments0[3] ; clk        ;
; N/A   ; None         ; 12.501 ns  ; g01_binary_to_BCD:BCD|lpm_rom:bcd_table|altrom:srom|altsyncram:rom_block|altsyncram_v111:auto_generated|ram_block1a0~porta_address_reg4 ; segments0[3] ; clk        ;
; N/A   ; None         ; 12.501 ns  ; g01_binary_to_BCD:BCD|lpm_rom:bcd_table|altrom:srom|altsyncram:rom_block|altsyncram_v111:auto_generated|ram_block1a0~porta_address_reg5 ; segments0[3] ; clk        ;
+-------+--------------+------------+-----------------------------------------------------------------------------------------------------------------------------------------+--------------+------------+


+-------------------------------------------------------------------------------------------------------------------------------------------------------------------------------------------------------+
; th                                                                                                                                                                                                    ;
+---------------+-------------+-----------+--------+-----------------------------------------------------------------------------------------------------------------------------------------+----------+
; Minimum Slack ; Required th ; Actual th ; From   ; To                                                                                                                                      ; To Clock ;
+---------------+-------------+-----------+--------+-----------------------------------------------------------------------------------------------------------------------------------------+----------+
; N/A           ; None        ; 0.186 ns  ; bin[2] ; g01_binary_to_BCD:BCD|lpm_rom:bcd_table|altrom:srom|altsyncram:rom_block|altsyncram_v111:auto_generated|ram_block1a0~porta_address_reg2 ; clk      ;
; N/A           ; None        ; 0.155 ns  ; bin[1] ; g01_binary_to_BCD:BCD|lpm_rom:bcd_table|altrom:srom|altsyncram:rom_block|altsyncram_v111:auto_generated|ram_block1a0~porta_address_reg1 ; clk      ;
; N/A           ; None        ; 0.127 ns  ; bin[0] ; g01_binary_to_BCD:BCD|lpm_rom:bcd_table|altrom:srom|altsyncram:rom_block|altsyncram_v111:auto_generated|ram_block1a0~porta_address_reg0 ; clk      ;
; N/A           ; None        ; 0.100 ns  ; bin[5] ; g01_binary_to_BCD:BCD|lpm_rom:bcd_table|altrom:srom|altsyncram:rom_block|altsyncram_v111:auto_generated|ram_block1a0~porta_address_reg5 ; clk      ;
; N/A           ; None        ; 0.088 ns  ; bin[3] ; g01_binary_to_BCD:BCD|lpm_rom:bcd_table|altrom:srom|altsyncram:rom_block|altsyncram_v111:auto_generated|ram_block1a0~porta_address_reg3 ; clk      ;
; N/A           ; None        ; -0.400 ns ; bin[4] ; g01_binary_to_BCD:BCD|lpm_rom:bcd_table|altrom:srom|altsyncram:rom_block|altsyncram_v111:auto_generated|ram_block1a0~porta_address_reg4 ; clk      ;
+---------------+-------------+-----------+--------+-----------------------------------------------------------------------------------------------------------------------------------------+----------+


+--------------------------+
; Timing Analyzer Messages ;
+--------------------------+
Info: *******************************************************************
Info: Running Quartus II 64-Bit Classic Timing Analyzer
    Info: Version 9.1 Build 350 03/24/2010 Service Pack 2 SJ Full Version
    Info: Processing started: Thu Feb 13 13:49:36 2014
Info: Command: quartus_tan --read_settings_files=off --write_settings_files=off Lab2 -c Lab2 --timing_analysis_only
Info: Parallel compilation is enabled and will use 4 of the 4 processors detected
Warning: Found pins functioning as undefined clocks and/or memory enables
    Info: Assuming node "clk" is an undefined clock
Info: No valid register-to-register data paths exist for clock "clk"
Info: tsu for memory "g01_binary_to_BCD:BCD|lpm_rom:bcd_table|altrom:srom|altsyncram:rom_block|altsyncram_v111:auto_generated|ram_block1a0~porta_address_reg4" (data pin = "bin[4]", clock pin = "clk") is 0.690 ns
    Info: + Longest pin to memory delay is 3.584 ns
        Info: 1: + IC(0.000 ns) + CELL(1.006 ns) = 1.006 ns; Loc. = PIN_W12; Fanout = 1; PIN Node = 'bin[4]'
        Info: 2: + IC(2.419 ns) + CELL(0.159 ns) = 3.584 ns; Loc. = M4K_X17_Y16; Fanout = 8; MEM Node = 'g01_binary_to_BCD:BCD|lpm_rom:bcd_table|altrom:srom|altsyncram:rom_block|altsyncram_v111:auto_generated|ram_block1a0~porta_address_reg4'
        Info: Total cell delay = 1.165 ns ( 32.51 % )
        Info: Total interconnect delay = 2.419 ns ( 67.49 % )
    Info: + Micro setup delay of destination is 0.040 ns
    Info: - Shortest clock path from clock "clk" to destination memory is 2.934 ns
        Info: 1: + IC(0.000 ns) + CELL(1.026 ns) = 1.026 ns; Loc. = PIN_L1; Fanout = 1; CLK Node = 'clk'
        Info: 2: + IC(0.238 ns) + CELL(0.000 ns) = 1.264 ns; Loc. = CLKCTRL_G2; Fanout = 6; COMB Node = 'clk~clkctrl'
        Info: 3: + IC(0.923 ns) + CELL(0.747 ns) = 2.934 ns; Loc. = M4K_X17_Y16; Fanout = 8; MEM Node = 'g01_binary_to_BCD:BCD|lpm_rom:bcd_table|altrom:srom|altsyncram:rom_block|altsyncram_v111:auto_generated|ram_block1a0~porta_address_reg4'
        Info: Total cell delay = 1.773 ns ( 60.43 % )
        Info: Total interconnect delay = 1.161 ns ( 39.57 % )
Info: tco from clock "clk" to destination pin "segments1[6]" through memory "g01_binary_to_BCD:BCD|lpm_rom:bcd_table|altrom:srom|altsyncram:rom_block|altsyncram_v111:auto_generated|ram_block1a0~porta_address_reg0" is 13.375 ns
    Info: + Longest clock path from clock "clk" to source memory is 2.934 ns
        Info: 1: + IC(0.000 ns) + CELL(1.026 ns) = 1.026 ns; Loc. = PIN_L1; Fanout = 1; CLK Node = 'clk'
        Info: 2: + IC(0.238 ns) + CELL(0.000 ns) = 1.264 ns; Loc. = CLKCTRL_G2; Fanout = 6; COMB Node = 'clk~clkctrl'
        Info: 3: + IC(0.923 ns) + CELL(0.747 ns) = 2.934 ns; Loc. = M4K_X17_Y16; Fanout = 8; MEM Node = 'g01_binary_to_BCD:BCD|lpm_rom:bcd_table|altrom:srom|altsyncram:rom_block|altsyncram_v111:auto_generated|ram_block1a0~porta_address_reg0'
        Info: Total cell delay = 1.773 ns ( 60.43 % )
        Info: Total interconnect delay = 1.161 ns ( 39.57 % )
    Info: + Micro clock to output delay of source is 0.234 ns
    Info: + Longest memory to pin delay is 10.207 ns
        Info: 1: + IC(0.000 ns) + CELL(0.000 ns) = 0.000 ns; Loc. = M4K_X17_Y16; Fanout = 8; MEM Node = 'g01_binary_to_BCD:BCD|lpm_rom:bcd_table|altrom:srom|altsyncram:rom_block|altsyncram_v111:auto_generated|ram_block1a0~porta_address_reg0'
        Info: 2: + IC(0.000 ns) + CELL(3.377 ns) = 3.377 ns; Loc. = M4K_X17_Y16; Fanout = 7; MEM Node = 'g01_binary_to_BCD:BCD|lpm_rom:bcd_table|altrom:srom|altsyncram:rom_block|altsyncram_v111:auto_generated|q_a[6]'
        Info: 3: + IC(2.283 ns) + CELL(0.545 ns) = 6.205 ns; Loc. = LCCOMB_X4_Y20_N12; Fanout = 1; COMB Node = 'g01_7_segment_decoder:seg1|Mux1~0'
        Info: 4: + IC(1.142 ns) + CELL(2.860 ns) = 10.207 ns; Loc. = PIN_D1; Fanout = 0; PIN Node = 'segments1[6]'
        Info: Total cell delay = 6.782 ns ( 66.44 % )
        Info: Total interconnect delay = 3.425 ns ( 33.56 % )
Info: th for memory "g01_binary_to_BCD:BCD|lpm_rom:bcd_table|altrom:srom|altsyncram:rom_block|altsyncram_v111:auto_generated|ram_block1a0~porta_address_reg2" (data pin = "bin[2]", clock pin = "clk") is 0.186 ns
    Info: + Longest clock path from clock "clk" to destination memory is 2.934 ns
        Info: 1: + IC(0.000 ns) + CELL(1.026 ns) = 1.026 ns; Loc. = PIN_L1; Fanout = 1; CLK Node = 'clk'
        Info: 2: + IC(0.238 ns) + CELL(0.000 ns) = 1.264 ns; Loc. = CLKCTRL_G2; Fanout = 6; COMB Node = 'clk~clkctrl'
        Info: 3: + IC(0.923 ns) + CELL(0.747 ns) = 2.934 ns; Loc. = M4K_X17_Y16; Fanout = 8; MEM Node = 'g01_binary_to_BCD:BCD|lpm_rom:bcd_table|altrom:srom|altsyncram:rom_block|altsyncram_v111:auto_generated|ram_block1a0~porta_address_reg2'
        Info: Total cell delay = 1.773 ns ( 60.43 % )
        Info: Total interconnect delay = 1.161 ns ( 39.57 % )
    Info: + Micro hold delay of destination is 0.250 ns
    Info: - Shortest pin to memory delay is 2.998 ns
        Info: 1: + IC(0.000 ns) + CELL(1.036 ns) = 1.036 ns; Loc. = PIN_M22; Fanout = 1; PIN Node = 'bin[2]'
        Info: 2: + IC(1.803 ns) + CELL(0.159 ns) = 2.998 ns; Loc. = M4K_X17_Y16; Fanout = 8; MEM Node = 'g01_binary_to_BCD:BCD|lpm_rom:bcd_table|altrom:srom|altsyncram:rom_block|altsyncram_v111:auto_generated|ram_block1a0~porta_address_reg2'
        Info: Total cell delay = 1.195 ns ( 39.86 % )
        Info: Total interconnect delay = 1.803 ns ( 60.14 % )
Info: Quartus II 64-Bit Classic Timing Analyzer was successful. 0 errors, 1 warning
    Info: Peak virtual memory: 216 megabytes
    Info: Processing ended: Thu Feb 13 13:49:36 2014
    Info: Elapsed time: 00:00:00
    Info: Total CPU time (on all processors): 00:00:00


